a {1:0}
but {1:2}
can't {1:2}
coffee {1:0}
for {1:0}
go {1:0}
i {2:1,2}
like {1:0}
to {1:0}
would {2:0,1}
you {1:0}