a {1:0}
coffee {1:0}
for {1:0}
go {1:0}
i {1:1}
like {1:0}
to {1:0}
would {2:0,1}
you {1:0}