a {1:0}
bla {2:1,1}
sentence {1:0}
very {1:0}
well-formed {1:0}
